node.exe : Debugger listening on 
ws://127.0.0.1:60150/70eb8d95-70a6-495d-a4fd-d902a7dd5ee9
At C:\Program Files\nodejs\npm.ps1:29 char:3
+   & $NODE_EXE $NPM_CLI_JS $args
+   ~~~~~~~~~~~~~~~~~~~~~~~~~~~~~
    + CategoryInfo          : NotSpecified: (Debugger listen...fd-d 
   902a7dd5ee9:String) [], RemoteException
    + FullyQualifiedErrorId : NativeCommandError
 
For help, see: https://nodejs.org/en/docs/inspector
Debugger attached.

> acadize-client@1.0.0 build
> vite build

Debugger listening on 
ws://127.0.0.1:60155/4df0d4c3-5473-4177-a79e-b0cb0ed345cb
For help, see: https://nodejs.org/en/docs/inspector
Debugger attached.
[33mThe CJS build of Vite's Node API is deprecated. See https://vit
e.dev/guide/troubleshooting.html#vite-cjs-node-api-deprecated for 
more details.[39m
[36mvite v5.4.20 [32mbuilding for production...[36m[39m
transforming...
[32mΓ£ô[39m 3 modules transformed.
[31mx[39m Build failed in 1.74s
[31merror during build:
[31m[vite:esbuild] Transform failed with 1 error:
D:/VIisual Studio Code/Eduverse-redesign/client/src/App.tsx:21:0: 
ERROR: Expected "from" but found "import"[31m
file: [36mD:/VIisual Studio 
Code/Eduverse-redesign/client/src/App.tsx:21:0[31m
[33m
[33mExpected "from" but found "import"[33m
19 |    ProtectedRoute 
20 |  }
21 |  import { PublicLayout } from '@/components/PublicLayout'; 
from "@/components/ProtectedRoute";
   |  ^
22 |  import DemoLogin from "@/components/DemoLogin";
23 |  // Import new dashboard pages
[31m
    at failureErrorWithLog (D:\VIisual Studio Code\Eduverse-redesign
\client\node_modules\esbuild\lib\main.js:1472:15)
    at D:\VIisual Studio Code\Eduverse-redesign\client\node_modules\
esbuild\lib\main.js:755:50
    at responseCallbacks.<computed> (D:\VIisual Studio Code\Eduverse
-redesign\client\node_modules\esbuild\lib\main.js:622:9)
    at handleIncomingPacket (D:\VIisual Studio Code\Eduverse-redesig
n\client\node_modules\esbuild\lib\main.js:677:12)
    at Socket.readFromStdout (D:\VIisual Studio Code\Eduverse-redesi
gn\client\node_modules\esbuild\lib\main.js:600:7)
    at Socket.emit (node:events:518:28)
    at addChunk (node:internal/streams/readable:561:12)
    at readableAddChunkPushByteMode 
(node:internal/streams/readable:512:3)
    at Readable.push (node:internal/streams/readable:392:5)
    at Pipe.onStreamRead 
(node:internal/stream_base_commons:189:23)[39m
Waiting for the debugger to disconnect...
Waiting for the debugger to disconnect...
