node_modules/@types/webgl-ext/index.d.ts(53,11): error TS2717: Subsequent property declarations must have the same type.  Property 'RGBA16F_EXT' must be of type '34842', but here has type 'number'.
node_modules/@types/webgl-ext/index.d.ts(54,11): error TS2717: Subsequent property declarations must have the same type.  Property 'RGB16F_EXT' must be of type '34843', but here has type 'number'.
node_modules/@types/webgl-ext/index.d.ts(55,11): error TS2717: Subsequent property declarations must have the same type.  Property 'FRAMEBUFFER_ATTACHMENT_COMPONENT_TYPE_EXT' must be of type '33297', but here has type 'number'.
node_modules/@types/webgl-ext/index.d.ts(56,11): error TS2717: Subsequent property declarations must have the same type.  Property 'UNSIGNED_NORMALIZED_EXT' must be of type '35863', but here has type 'number'.
node_modules/@types/webgl-ext/index.d.ts(74,11): error TS2717: Subsequent property declarations must have the same type.  Property 'COMPRESSED_RGB_ETC1_WEBGL' must be of type '36196', but here has type 'number'.
node_modules/@types/webgl2/index.d.ts(582,13): error TS2403: Subsequent variable declarations must have the same type.  Variable 'WebGL2RenderingContext' must be of type '{ new (): WebGL2RenderingContext; prototype: WebGL2RenderingContext; readonly READ_BUFFER: 3074; readonly UNPACK_ROW_LENGTH: 3314; ... 556 more ...; readonly BROWSER_DEFAULT_WEBGL: 37444; }', but here has type '{ new (): WebGL2RenderingContext; prototype: WebGL2RenderingContext; readonly ACTIVE_ATTRIBUTES: number; readonly ACTIVE_TEXTURE: number; ... 557 more ...; readonly MAX_CLIENT_WAIT_TIMEOUT_WEBGL: number; }'.
node_modules/qrcode.react/lib/index.d.ts(1,8): error TS1259: Module '"D:/VIisual Studio Code/Eduverse-redesign/client/node_modules/@types/react/index"' can only be default-imported using the 'esModuleInterop' flag
node_modules/typescript/lib/lib.dom.d.ts(33804,11): error TS2430: Interface 'WebGL2RenderingContext' incorrectly extends interface 'WebGL2RenderingContextBase'.
  Types of property 'READ_BUFFER' are incompatible.
    Type 'number' is not assignable to type '3074'.
node_modules/typescript/lib/lib.dom.d.ts(33804,11): error TS2430: Interface 'WebGL2RenderingContext' incorrectly extends interface 'WebGLRenderingContext'.
  Types of property 'RGBA8' are incompatible.
    Type 'number' is not assignable to type '32856'.
node_modules/typescript/lib/lib.dom.d.ts(33804,11): error TS2430: Interface 'WebGL2RenderingContext' incorrectly extends interface 'WebGLRenderingContextBase'.
  Types of property 'RGBA8' are incompatible.
    Type 'number' is not assignable to type '32856'.
src/pages/teacher-session-live.tsx(1,8): error TS1259: Module '"D:/VIisual Studio Code/Eduverse-redesign/client/node_modules/@types/react/index"' can only be default-imported using the 'esModuleInterop' flag
src/pages/teacher-session-live.tsx(5,25): error TS2307: Cannot find module '@/hooks/useAuth' or its corresponding type declarations.
src/pages/teacher-session-live.tsx(6,29): error TS2307: Cannot find module '@/lib/config' or its corresponding type declarations.
src/pages/teacher-session-live.tsx(7,27): error TS2307: Cannot find module '@/components/TeacherLayout' or its corresponding type declarations.
src/pages/teacher-session-live.tsx(19,21): error TS18047: 'params' is possibly 'null'.
src/pages/teacher-session-live.tsx(224,24): error TS17004: Cannot use JSX unless the '--jsx' flag is provided.
src/pages/teacher-session-live.tsx(224,39): error TS17004: Cannot use JSX unless the '--jsx' flag is provided.
src/pages/teacher-session-live.tsx(224,96): error TS17004: Cannot use JSX unless the '--jsx' flag is provided.
src/pages/teacher-session-live.tsx(227,5): error TS17004: Cannot use JSX unless the '--jsx' flag is provided.
src/pages/teacher-session-live.tsx(228,7): error TS17004: Cannot use JSX unless the '--jsx' flag is provided.
src/pages/teacher-session-live.tsx(231,9): error TS17004: Cannot use JSX unless the '--jsx' flag is provided.
src/pages/teacher-session-live.tsx(233,15): error TS17004: Cannot use JSX unless the '--jsx' flag is provided.
src/pages/teacher-session-live.tsx(239,17): error TS17004: Cannot use JSX unless the '--jsx' flag is provided.
src/pages/teacher-session-live.tsx(240,17): error TS17004: Cannot use JSX unless the '--jsx' flag is provided.
src/pages/teacher-session-live.tsx(246,9): error TS17004: Cannot use JSX unless the '--jsx' flag is provided.
src/pages/teacher-session-live.tsx(247,11): error TS17004: Cannot use JSX unless the '--jsx' flag is provided.
src/pages/teacher-session-live.tsx(248,13): error TS17004: Cannot use JSX unless the '--jsx' flag is provided.
src/pages/teacher-session-live.tsx(249,15): error TS17004: Cannot use JSX unless the '--jsx' flag is provided.
src/pages/teacher-session-live.tsx(250,15): error TS17004: Cannot use JSX unless the '--jsx' flag is provided.
src/pages/teacher-session-live.tsx(255,11): error TS17004: Cannot use JSX unless the '--jsx' flag is provided.
src/pages/teacher-session-live.tsx(256,14): error TS17004: Cannot use JSX unless the '--jsx' flag is provided.
src/pages/teacher-session-live.tsx(257,17): error TS17004: Cannot use JSX unless the '--jsx' flag is provided.
src/pages/teacher-session-live.tsx(264,9): error TS17004: Cannot use JSX unless the '--jsx' flag is provided.
src/pages/teacher-session-live.tsx(266,13): error TS17004: Cannot use JSX unless the '--jsx' flag is provided.
src/pages/teacher-session-live.tsx(267,17): error TS17004: Cannot use JSX unless the '--jsx' flag is provided.
src/pages/teacher-session-live.tsx(268,20): error TS17004: Cannot use JSX unless the '--jsx' flag is provided.
src/pages/teacher-session-live.tsx(269,22): error TS17004: Cannot use JSX unless the '--jsx' flag is provided.
src/pages/teacher-session-live.tsx(271,20): error TS17004: Cannot use JSX unless the '--jsx' flag is provided.
src/pages/teacher-session-live.tsx(272,20): error TS17004: Cannot use JSX unless the '--jsx' flag is provided.
src/pages/teacher-session-live.tsx(273,20): error TS17004: Cannot use JSX unless the '--jsx' flag is provided.
src/pages/teacher-session-live.tsx(274,22): error TS17004: Cannot use JSX unless the '--jsx' flag is provided.
src/pages/teacher-session-live.tsx(275,22): error TS17004: Cannot use JSX unless the '--jsx' flag is provided.
src/pages/teacher-session-live.tsx(275,257): error TS17004: Cannot use JSX unless the '--jsx' flag is provided.
src/pages/teacher-session-live.tsx(283,9): error TS17004: Cannot use JSX unless the '--jsx' flag is provided.
src/pages/teacher-session-live.tsx(286,11): error TS17004: Cannot use JSX unless the '--jsx' flag is provided.
src/pages/teacher-session-live.tsx(289,13): error TS17004: Cannot use JSX unless the '--jsx' flag is provided.
src/pages/teacher-session-live.tsx(290,16): error TS17004: Cannot use JSX unless the '--jsx' flag is provided.
src/pages/teacher-session-live.tsx(291,16): error TS17004: Cannot use JSX unless the '--jsx' flag is provided.
src/pages/teacher-session-live.tsx(292,16): error TS17004: Cannot use JSX unless the '--jsx' flag is provided.
src/pages/teacher-session-live.tsx(294,16): error TS17004: Cannot use JSX unless the '--jsx' flag is provided.
src/pages/teacher-session-live.tsx(295,42): error TS17004: Cannot use JSX unless the '--jsx' flag is provided.
src/pages/teacher-session-live.tsx(295,174): error TS17004: Cannot use JSX unless the '--jsx' flag is provided.
src/pages/teacher-session-live.tsx(296,48): error TS17004: Cannot use JSX unless the '--jsx' flag is provided.
src/pages/teacher-session-live.tsx(296,171): error TS17004: Cannot use JSX unless the '--jsx' flag is provided.
src/pages/teacher-session-live.tsx(298,21): error TS17004: Cannot use JSX unless the '--jsx' flag is provided.
src/pages/teacher-session-live.tsx(298,150): error TS17004: Cannot use JSX unless the '--jsx' flag is provided.
src/pages/teacher-session-live.tsx(305,17): error TS17004: Cannot use JSX unless the '--jsx' flag is provided.
src/pages/teacher-session-live.tsx(306,19): error TS17004: Cannot use JSX unless the '--jsx' flag is provided.
src/pages/teacher-session-live.tsx(307,21): error TS17004: Cannot use JSX unless the '--jsx' flag is provided.
src/pages/teacher-session-live.tsx(312,19): error TS17004: Cannot use JSX unless the '--jsx' flag is provided.
src/pages/teacher-session-live.tsx(313,21): error TS17004: Cannot use JSX unless the '--jsx' flag is provided.
src/pages/teacher-session-live.tsx(314,21): error TS17004: Cannot use JSX unless the '--jsx' flag is provided.
src/pages/teacher-session-live.tsx(318,21): error TS17004: Cannot use JSX unless the '--jsx' flag is provided.
src/pages/teacher-session-live.tsx(319,23): error TS17004: Cannot use JSX unless the '--jsx' flag is provided.
src/pages/teacher-session-live.tsx(320,23): error TS17004: Cannot use JSX unless the '--jsx' flag is provided.
src/pages/teacher-session-live.tsx(326,19): error TS17004: Cannot use JSX unless the '--jsx' flag is provided.
src/pages/teacher-session-live.tsx(327,21): error TS17004: Cannot use JSX unless the '--jsx' flag is provided.
src/pages/teacher-session-live.tsx(328,23): error TS17004: Cannot use JSX unless the '--jsx' flag is provided.
src/pages/teacher-session-live.tsx(331,21): error TS17004: Cannot use JSX unless the '--jsx' flag is provided.
src/pages/teacher-session-live.tsx(332,24): error TS17004: Cannot use JSX unless the '--jsx' flag is provided.
src/pages/teacher-session-live.tsx(333,26): error TS17004: Cannot use JSX unless the '--jsx' flag is provided.
src/pages/teacher-session-live.tsx(335,24): error TS17004: Cannot use JSX unless the '--jsx' flag is provided.
src/pages/teacher-session-live.tsx(336,26): error TS17004: Cannot use JSX unless the '--jsx' flag is provided.
src/pages/teacher-session-live.tsx(342,17): error TS17004: Cannot use JSX unless the '--jsx' flag is provided.
src/pages/teacher-session-live.tsx(343,21): error TS17004: Cannot use JSX unless the '--jsx' flag is provided.
src/pages/teacher-session-live.tsx(344,23): error TS17004: Cannot use JSX unless the '--jsx' flag is provided.
src/pages/teacher-session-live.tsx(346,21): error TS17004: Cannot use JSX unless the '--jsx' flag is provided.
src/pages/teacher-session-live.tsx(347,21): error TS17004: Cannot use JSX unless the '--jsx' flag is provided.
src/pages/teacher-session-live.tsx(354,11): error TS17004: Cannot use JSX unless the '--jsx' flag is provided.
src/pages/teacher-session-live.tsx(356,13): error TS17004: Cannot use JSX unless the '--jsx' flag is provided.
src/pages/teacher-session-live.tsx(357,17): error TS17004: Cannot use JSX unless the '--jsx' flag is provided.
src/pages/teacher-session-live.tsx(358,21): error TS17004: Cannot use JSX unless the '--jsx' flag is provided.
src/pages/teacher-session-live.tsx(359,21): error TS17004: Cannot use JSX unless the '--jsx' flag is provided.
src/pages/teacher-session-live.tsx(361,17): error TS17004: Cannot use JSX unless the '--jsx' flag is provided.
src/pages/teacher-session-live.tsx(362,21): error TS17004: Cannot use JSX unless the '--jsx' flag is provided.
src/pages/teacher-session-live.tsx(363,21): error TS17004: Cannot use JSX unless the '--jsx' flag is provided.
src/pages/teacher-session-live.tsx(365,17): error TS17004: Cannot use JSX unless the '--jsx' flag is provided.
src/pages/teacher-session-live.tsx(366,21): error TS17004: Cannot use JSX unless the '--jsx' flag is provided.
src/pages/teacher-session-live.tsx(367,21): error TS17004: Cannot use JSX unless the '--jsx' flag is provided.
src/pages/teacher-session-live.tsx(372,13): error TS17004: Cannot use JSX unless the '--jsx' flag is provided.
src/pages/teacher-session-live.tsx(373,15): error TS17004: Cannot use JSX unless the '--jsx' flag is provided.
src/pages/teacher-session-live.tsx(373,65): error TS17004: Cannot use JSX unless the '--jsx' flag is provided.
src/pages/teacher-session-live.tsx(374,15): error TS17004: Cannot use JSX unless the '--jsx' flag is provided.
src/pages/teacher-session-live.tsx(375,17): error TS17004: Cannot use JSX unless the '--jsx' flag is provided.
src/pages/teacher-session-live.tsx(375,79): error TS17004: Cannot use JSX unless the '--jsx' flag is provided.
src/pages/teacher-session-live.tsx(376,17): error TS17004: Cannot use JSX unless the '--jsx' flag is provided.
src/pages/teacher-session-live.tsx(381,13): error TS17004: Cannot use JSX unless the '--jsx' flag is provided.
src/pages/teacher-session-live.tsx(382,15): error TS17004: Cannot use JSX unless the '--jsx' flag is provided.
src/pages/teacher-session-live.tsx(384,19): error TS17004: Cannot use JSX unless the '--jsx' flag is provided.
src/pages/teacher-session-live.tsx(385,22): error TS17004: Cannot use JSX unless the '--jsx' flag is provided.
src/pages/teacher-session-live.tsx(386,22): error TS17004: Cannot use JSX unless the '--jsx' flag is provided.
src/pages/teacher-session-live.tsx(389,19): error TS17004: Cannot use JSX unless the '--jsx' flag is provided.
src/pages/teacher-session-live.tsx(390,21): error TS17004: Cannot use JSX unless the '--jsx' flag is provided.
src/pages/teacher-session-live.tsx(392,25): error TS17004: Cannot use JSX unless the '--jsx' flag is provided.
src/pages/teacher-session-live.tsx(393,27): error TS17004: Cannot use JSX unless the '--jsx' flag is provided.
src/pages/teacher-session-live.tsx(394,29): error TS17004: Cannot use JSX unless the '--jsx' flag is provided.
src/pages/teacher-session-live.tsx(397,29): error TS17004: Cannot use JSX unless the '--jsx' flag is provided.
src/pages/teacher-session-live.tsx(398,31): error TS17004: Cannot use JSX unless the '--jsx' flag is provided.
src/pages/teacher-session-live.tsx(399,31): error TS17004: Cannot use JSX unless the '--jsx' flag is provided.
src/pages/teacher-session-live.tsx(403,27): error TS17004: Cannot use JSX unless the '--jsx' flag is provided.
src/pages/teacher-session-live.tsx(405,29): error TS17004: Cannot use JSX unless the '--jsx' flag is provided.
src/pages/teacher-session-live.tsx(406,61): error TS17004: Cannot use JSX unless the '--jsx' flag is provided.
src/pages/teacher-session-live.tsx(406,234): error TS17004: Cannot use JSX unless the '--jsx' flag is provided.
src/pages/teacher-session-live.tsx(407,58): error TS17004: Cannot use JSX unless the '--jsx' flag is provided.
src/pages/teacher-session-live.tsx(407,225): error TS17004: Cannot use JSX unless the '--jsx' flag is provided.
src/pages/teacher-session-live.tsx(408,60): error TS17004: Cannot use JSX unless the '--jsx' flag is provided.
src/pages/teacher-session-live.tsx(408,221): error TS17004: Cannot use JSX unless the '--jsx' flag is provided.
src/pages/teacher-session-live.tsx(409,61): error TS17004: Cannot use JSX unless the '--jsx' flag is provided.
src/pages/teacher-session-live.tsx(409,219): error TS17004: Cannot use JSX unless the '--jsx' flag is provided.
src/pages/teacher-session-live.tsx(410,104): error TS17004: Cannot use JSX unless the '--jsx' flag is provided.
src/pages/teacher-session-live.tsx(414,29): error TS17004: Cannot use JSX unless the '--jsx' flag is provided.
src/pages/teacher-session-live.tsx(415,32): error TS17004: Cannot use JSX unless the '--jsx' flag is provided.
src/pages/teacher-session-live.tsx(416,34): error TS17004: Cannot use JSX unless the '--jsx' flag is provided.
src/pages/teacher-session-live.tsx(418,32): error TS17004: Cannot use JSX unless the '--jsx' flag is provided.
src/pages/teacher-session-live.tsx(419,34): error TS17004: Cannot use JSX unless the '--jsx' flag is provided.
src/pages/teacher-session-live.tsx(430,15): error TS17004: Cannot use JSX unless the '--jsx' flag is provided.
src/pages/teacher-session-live.tsx(431,17): error TS17004: Cannot use JSX unless the '--jsx' flag is provided.
src/pages/teacher-session-live.tsx(431,69): error TS17004: Cannot use JSX unless the '--jsx' flag is provided.
src/pages/teacher-session-live.tsx(432,17): error TS17004: Cannot use JSX unless the '--jsx' flag is provided.
src/pages/teacher-session-live.tsx(432,245): error TS17004: Cannot use JSX unless the '--jsx' flag is provided.
src/pages/teacher-session-live.tsx(441,7): error TS17004: Cannot use JSX unless the '--jsx' flag is provided.
